name,email,zipcode,address,telephone
テストユーザ,ramen.test@gmail.com,1111111,テスト住所,テスト電話番号
テストユーザ1,testtest@gmail.com,123-4567,神奈川県相模原市,090-1234-5678